// Jest Snapshot v1, https://goo.gl/fbAQLP

exports[`should render expense list item correctly 1`] = `
<div>
  <h3>
    <NavLink
      activeClassName="active"
      aria-current="page"
      to="/edit/1"
    >
      rent
    </NavLink>
  </h3>
  <p>
    100
     - 
    Dec 17th 1995
  </p>
</div>
`;
